1766951177.266436 client started (78175): version 3.6a, socket /private/tmp/tmux-501/default, protocol 8
1766951177.266507 on Darwin 24.6.0 Darwin Kernel Version 24.6.0: Mon Jul 14 11:30:34 PDT 2025; root:xnu-11417.140.69~1/RELEASE_ARM64_T8103
1766951177.266529 using libevent 2.1.12-stable select
1766951177.266773 using utf8proc 2.11.2
1766951177.266793 using ncurses 6.5 20240427
1766951177.266826 flags are 0x18010000
1766951177.266841 socket is /private/tmp/tmux-501/default
1766951177.266863 trying connect
1766951177.266894 connect failed: Connection refused
1766951177.266920 lock file is /private/tmp/tmux-501/default.lock
1766951177.267114 flock succeeded
1766951177.267126 got lock (6)
1766951177.267137 trying connect
1766951177.267152 connect failed: Connection refused
1766951177.267689 add peer 0x600000d20000: 7 (0x0)
1766951177.271639 sending message 111 to peer 0x600000d20000 (8 bytes)
1766951177.271656 sending message 111 to peer 0x600000d20000 (8 bytes)
1766951177.271667 sending message 101 to peer 0x600000d20000 (15 bytes)
1766951177.271680 sending message 109 to peer 0x600000d20000 (4 bytes)
1766951177.271692 sending message 102 to peer 0x600000d20000 (13 bytes)
1766951177.271702 sending message 108 to peer 0x600000d20000 (25 bytes)
1766951177.271712 sending message 112 to peer 0x600000d20000 (58 bytes)
1766951177.271722 sending message 112 to peer 0x600000d20000 (5 bytes)
1766951177.271732 sending message 112 to peer 0x600000d20000 (5 bytes)
1766951177.271740 sending message 112 to peer 0x600000d20000 (6 bytes)
1766951177.271749 sending message 112 to peer 0x600000d20000 (6 bytes)
1766951177.271759 sending message 112 to peer 0x600000d20000 (11 bytes)
1766951177.271768 sending message 112 to peer 0x600000d20000 (10 bytes)
1766951177.271778 sending message 112 to peer 0x600000d20000 (13 bytes)
1766951177.271789 sending message 112 to peer 0x600000d20000 (14 bytes)
1766951177.271801 sending message 112 to peer 0x600000d20000 (19 bytes)
1766951177.271811 sending message 112 to peer 0x600000d20000 (11 bytes)
1766951177.271823 sending message 112 to peer 0x600000d20000 (10 bytes)
1766951177.271834 sending message 112 to peer 0x600000d20000 (15 bytes)
1766951177.271844 sending message 112 to peer 0x600000d20000 (21 bytes)
1766951177.271854 sending message 112 to peer 0x600000d20000 (13 bytes)
1766951177.271863 sending message 112 to peer 0x600000d20000 (7 bytes)
1766951177.271872 sending message 112 to peer 0x600000d20000 (13 bytes)
1766951177.271882 sending message 112 to peer 0x600000d20000 (7 bytes)
1766951177.271893 sending message 112 to peer 0x600000d20000 (13 bytes)
1766951177.271905 sending message 112 to peer 0x600000d20000 (9 bytes)
1766951177.271917 sending message 112 to peer 0x600000d20000 (21 bytes)
1766951177.271926 sending message 112 to peer 0x600000d20000 (13 bytes)
1766951177.271935 sending message 112 to peer 0x600000d20000 (9 bytes)
1766951177.271945 sending message 112 to peer 0x600000d20000 (16 bytes)
1766951177.271955 sending message 112 to peer 0x600000d20000 (13 bytes)
1766951177.271964 sending message 112 to peer 0x600000d20000 (9 bytes)
1766951177.271973 sending message 112 to peer 0x600000d20000 (9 bytes)
1766951177.271982 sending message 112 to peer 0x600000d20000 (12 bytes)
1766951177.271989 sending message 112 to peer 0x600000d20000 (8 bytes)
1766951177.271998 sending message 112 to peer 0x600000d20000 (8 bytes)
1766951177.272007 sending message 112 to peer 0x600000d20000 (13 bytes)
1766951177.272018 sending message 112 to peer 0x600000d20000 (7 bytes)
1766951177.272029 sending message 112 to peer 0x600000d20000 (7 bytes)
1766951177.272040 sending message 112 to peer 0x600000d20000 (9 bytes)
1766951177.272050 sending message 112 to peer 0x600000d20000 (9 bytes)
1766951177.272063 sending message 112 to peer 0x600000d20000 (15 bytes)
1766951177.272076 sending message 112 to peer 0x600000d20000 (13 bytes)
1766951177.272085 sending message 112 to peer 0x600000d20000 (12 bytes)
1766951177.272095 sending message 112 to peer 0x600000d20000 (8 bytes)
1766951177.272104 sending message 112 to peer 0x600000d20000 (14 bytes)
1766951177.272126 sending message 112 to peer 0x600000d20000 (11 bytes)
1766951177.272133 sending message 112 to peer 0x600000d20000 (9 bytes)
1766951177.272139 sending message 112 to peer 0x600000d20000 (10 bytes)
1766951177.272146 sending message 112 to peer 0x600000d20000 (10 bytes)
1766951177.272154 sending message 112 to peer 0x600000d20000 (10 bytes)
1766951177.272162 sending message 112 to peer 0x600000d20000 (10 bytes)
1766951177.272171 sending message 112 to peer 0x600000d20000 (11 bytes)
1766951177.272179 sending message 112 to peer 0x600000d20000 (12 bytes)
1766951177.272189 sending message 112 to peer 0x600000d20000 (12 bytes)
1766951177.272199 sending message 112 to peer 0x600000d20000 (12 bytes)
1766951177.272209 sending message 112 to peer 0x600000d20000 (12 bytes)
1766951177.272216 sending message 112 to peer 0x600000d20000 (12 bytes)
1766951177.272223 sending message 112 to peer 0x600000d20000 (11 bytes)
1766951177.272228 sending message 112 to peer 0x600000d20000 (11 bytes)
1766951177.272236 sending message 112 to peer 0x600000d20000 (12 bytes)
1766951177.272242 sending message 112 to peer 0x600000d20000 (12 bytes)
1766951177.272248 sending message 112 to peer 0x600000d20000 (12 bytes)
1766951177.272255 sending message 112 to peer 0x600000d20000 (12 bytes)
1766951177.272262 sending message 112 to peer 0x600000d20000 (12 bytes)
1766951177.272269 sending message 112 to peer 0x600000d20000 (9 bytes)
1766951177.272276 sending message 112 to peer 0x600000d20000 (12 bytes)
1766951177.272284 sending message 112 to peer 0x600000d20000 (13 bytes)
1766951177.272294 sending message 112 to peer 0x600000d20000 (13 bytes)
1766951177.272301 sending message 112 to peer 0x600000d20000 (13 bytes)
1766951177.272310 sending message 112 to peer 0x600000d20000 (13 bytes)
1766951177.272316 sending message 112 to peer 0x600000d20000 (13 bytes)
1766951177.272324 sending message 112 to peer 0x600000d20000 (8 bytes)
1766951177.272331 sending message 112 to peer 0x600000d20000 (11 bytes)
1766951177.272337 sending message 112 to peer 0x600000d20000 (11 bytes)
1766951177.272345 sending message 112 to peer 0x600000d20000 (11 bytes)
1766951177.272352 sending message 112 to peer 0x600000d20000 (12 bytes)
1766951177.272358 sending message 112 to peer 0x600000d20000 (12 bytes)
1766951177.272365 sending message 112 to peer 0x600000d20000 (12 bytes)
1766951177.272372 sending message 112 to peer 0x600000d20000 (12 bytes)
1766951177.272380 sending message 112 to peer 0x600000d20000 (13 bytes)
1766951177.272388 sending message 112 to peer 0x600000d20000 (13 bytes)
1766951177.272397 sending message 112 to peer 0x600000d20000 (13 bytes)
1766951177.272405 sending message 112 to peer 0x600000d20000 (8 bytes)
1766951177.272412 sending message 112 to peer 0x600000d20000 (13 bytes)
1766951177.272419 sending message 112 to peer 0x600000d20000 (13 bytes)
1766951177.272425 sending message 112 to peer 0x600000d20000 (13 bytes)
1766951177.272432 sending message 112 to peer 0x600000d20000 (13 bytes)
1766951177.272439 sending message 112 to peer 0x600000d20000 (13 bytes)
1766951177.272446 sending message 112 to peer 0x600000d20000 (12 bytes)
1766951177.272451 sending message 112 to peer 0x600000d20000 (12 bytes)
1766951177.272457 sending message 112 to peer 0x600000d20000 (12 bytes)
1766951177.272463 sending message 112 to peer 0x600000d20000 (12 bytes)
1766951177.272471 sending message 112 to peer 0x600000d20000 (13 bytes)
1766951177.272478 sending message 112 to peer 0x600000d20000 (8 bytes)
1766951177.272485 sending message 112 to peer 0x600000d20000 (13 bytes)
1766951177.272493 sending message 112 to peer 0x600000d20000 (13 bytes)
1766951177.272500 sending message 112 to peer 0x600000d20000 (13 bytes)
1766951177.272508 sending message 112 to peer 0x600000d20000 (13 bytes)
1766951177.272515 sending message 112 to peer 0x600000d20000 (13 bytes)
1766951177.272522 sending message 112 to peer 0x600000d20000 (13 bytes)
1766951177.272531 sending message 112 to peer 0x600000d20000 (13 bytes)
1766951177.272538 sending message 112 to peer 0x600000d20000 (12 bytes)
1766951177.272558 sending message 112 to peer 0x600000d20000 (12 bytes)
1766951177.272565 sending message 112 to peer 0x600000d20000 (12 bytes)
1766951177.272573 sending message 112 to peer 0x600000d20000 (8 bytes)
1766951177.272579 sending message 112 to peer 0x600000d20000 (12 bytes)
1766951177.272586 sending message 112 to peer 0x600000d20000 (13 bytes)
1766951177.272593 sending message 112 to peer 0x600000d20000 (13 bytes)
1766951177.272599 sending message 112 to peer 0x600000d20000 (13 bytes)
1766951177.272606 sending message 112 to peer 0x600000d20000 (13 bytes)
1766951177.272613 sending message 112 to peer 0x600000d20000 (13 bytes)
1766951177.272622 sending message 112 to peer 0x600000d20000 (13 bytes)
1766951177.272629 sending message 112 to peer 0x600000d20000 (13 bytes)
1766951177.272638 sending message 112 to peer 0x600000d20000 (13 bytes)
1766951177.272645 sending message 112 to peer 0x600000d20000 (12 bytes)
1766951177.272652 sending message 112 to peer 0x600000d20000 (10 bytes)
1766951177.272660 sending message 112 to peer 0x600000d20000 (12 bytes)
1766951177.272669 sending message 112 to peer 0x600000d20000 (12 bytes)
1766951177.272676 sending message 112 to peer 0x600000d20000 (12 bytes)
1766951177.272683 sending message 112 to peer 0x600000d20000 (13 bytes)
1766951177.272691 sending message 112 to peer 0x600000d20000 (13 bytes)
1766951177.272696 sending message 112 to peer 0x600000d20000 (13 bytes)
1766951177.272703 sending message 112 to peer 0x600000d20000 (13 bytes)
1766951177.272710 sending message 112 to peer 0x600000d20000 (13 bytes)
1766951177.272717 sending message 112 to peer 0x600000d20000 (13 bytes)
1766951177.272724 sending message 112 to peer 0x600000d20000 (13 bytes)
1766951177.272732 sending message 112 to peer 0x600000d20000 (10 bytes)
1766951177.272741 sending message 112 to peer 0x600000d20000 (13 bytes)
1766951177.272748 sending message 112 to peer 0x600000d20000 (12 bytes)
1766951177.272756 sending message 112 to peer 0x600000d20000 (12 bytes)
1766951177.272762 sending message 112 to peer 0x600000d20000 (12 bytes)
1766951177.272770 sending message 112 to peer 0x600000d20000 (10 bytes)
1766951177.272778 sending message 112 to peer 0x600000d20000 (10 bytes)
1766951177.272785 sending message 112 to peer 0x600000d20000 (10 bytes)
1766951177.272794 sending message 112 to peer 0x600000d20000 (12 bytes)
1766951177.272802 sending message 112 to peer 0x600000d20000 (13 bytes)
1766951177.272809 sending message 112 to peer 0x600000d20000 (13 bytes)
1766951177.272817 sending message 112 to peer 0x600000d20000 (13 bytes)
1766951177.272824 sending message 112 to peer 0x600000d20000 (13 bytes)
1766951177.272831 sending message 112 to peer 0x600000d20000 (13 bytes)
1766951177.272838 sending message 112 to peer 0x600000d20000 (10 bytes)
1766951177.272844 sending message 112 to peer 0x600000d20000 (11 bytes)
1766951177.272851 sending message 112 to peer 0x600000d20000 (12 bytes)
1766951177.272858 sending message 112 to peer 0x600000d20000 (12 bytes)
1766951177.272865 sending message 112 to peer 0x600000d20000 (12 bytes)
1766951177.272872 sending message 112 to peer 0x600000d20000 (12 bytes)
1766951177.272879 sending message 112 to peer 0x600000d20000 (12 bytes)
1766951177.272888 sending message 112 to peer 0x600000d20000 (11 bytes)
1766951177.272898 sending message 112 to peer 0x600000d20000 (12 bytes)
1766951177.272906 sending message 112 to peer 0x600000d20000 (12 bytes)
1766951177.272914 sending message 112 to peer 0x600000d20000 (13 bytes)
1766951177.272923 sending message 112 to peer 0x600000d20000 (13 bytes)
1766951177.272931 sending message 112 to peer 0x600000d20000 (13 bytes)
1766951177.272939 sending message 112 to peer 0x600000d20000 (13 bytes)
1766951177.272947 sending message 112 to peer 0x600000d20000 (13 bytes)
1766951177.272954 sending message 112 to peer 0x600000d20000 (10 bytes)
1766951177.272961 sending message 112 to peer 0x600000d20000 (9 bytes)
1766951177.272968 sending message 112 to peer 0x600000d20000 (12 bytes)
1766951177.272975 sending message 112 to peer 0x600000d20000 (13 bytes)
1766951177.272990 sending message 112 to peer 0x600000d20000 (13 bytes)
1766951177.272999 sending message 112 to peer 0x600000d20000 (13 bytes)
1766951177.273006 sending message 112 to peer 0x600000d20000 (13 bytes)
1766951177.273014 sending message 112 to peer 0x600000d20000 (13 bytes)
1766951177.273021 sending message 112 to peer 0x600000d20000 (9 bytes)
1766951177.273031 sending message 112 to peer 0x600000d20000 (12 bytes)
1766951177.273036 sending message 112 to peer 0x600000d20000 (13 bytes)
1766951177.273044 sending message 112 to peer 0x600000d20000 (13 bytes)
1766951177.273052 sending message 112 to peer 0x600000d20000 (13 bytes)
1766951177.273058 sending message 112 to peer 0x600000d20000 (13 bytes)
1766951177.273066 sending message 112 to peer 0x600000d20000 (13 bytes)
1766951177.273072 sending message 112 to peer 0x600000d20000 (11 bytes)
1766951177.273079 sending message 112 to peer 0x600000d20000 (12 bytes)
1766951177.273086 sending message 112 to peer 0x600000d20000 (13 bytes)
1766951177.273094 sending message 112 to peer 0x600000d20000 (13 bytes)
1766951177.273103 sending message 112 to peer 0x600000d20000 (13 bytes)
1766951177.273111 sending message 112 to peer 0x600000d20000 (13 bytes)
1766951177.273120 sending message 112 to peer 0x600000d20000 (13 bytes)
1766951177.273130 sending message 112 to peer 0x600000d20000 (11 bytes)
1766951177.273137 sending message 112 to peer 0x600000d20000 (12 bytes)
1766951177.273144 sending message 112 to peer 0x600000d20000 (12 bytes)
1766951177.273150 sending message 112 to peer 0x600000d20000 (12 bytes)
1766951177.273157 sending message 112 to peer 0x600000d20000 (12 bytes)
1766951177.273162 sending message 112 to peer 0x600000d20000 (12 bytes)
1766951177.273167 sending message 112 to peer 0x600000d20000 (21 bytes)
1766951177.273174 sending message 112 to peer 0x600000d20000 (12 bytes)
1766951177.273182 sending message 112 to peer 0x600000d20000 (9 bytes)
1766951177.273189 sending message 112 to peer 0x600000d20000 (6 bytes)
1766951177.273198 sending message 112 to peer 0x600000d20000 (13 bytes)
1766951177.273206 sending message 112 to peer 0x600000d20000 (10 bytes)
1766951177.273212 sending message 112 to peer 0x600000d20000 (24 bytes)
1766951177.273219 sending message 112 to peer 0x600000d20000 (13 bytes)
1766951177.273226 sending message 112 to peer 0x600000d20000 (9 bytes)
1766951177.273233 sending message 112 to peer 0x600000d20000 (70 bytes)
1766951177.273240 sending message 112 to peer 0x600000d20000 (69 bytes)
1766951177.273247 sending message 112 to peer 0x600000d20000 (12 bytes)
1766951177.273254 sending message 112 to peer 0x600000d20000 (10 bytes)
1766951177.273261 sending message 112 to peer 0x600000d20000 (10 bytes)
1766951177.273269 sending message 112 to peer 0x600000d20000 (24 bytes)
1766951177.273276 sending message 112 to peer 0x600000d20000 (13 bytes)
1766951177.273283 sending message 112 to peer 0x600000d20000 (10 bytes)
1766951177.273290 sending message 112 to peer 0x600000d20000 (10 bytes)
1766951177.273297 sending message 112 to peer 0x600000d20000 (10 bytes)
1766951177.273305 sending message 112 to peer 0x600000d20000 (13 bytes)
1766951177.273312 sending message 112 to peer 0x600000d20000 (15 bytes)
1766951177.273321 sending message 112 to peer 0x600000d20000 (5 bytes)
1766951177.273329 sending message 104 to peer 0x600000d20000 (0 bytes)
1766951177.273337 sending message 110 to peer 0x600000d20000 (0 bytes)
1766951177.273345 sending message 107 to peer 0x600000d20000 (4 bytes)
1766951177.273353 sending message 105 to peer 0x600000d20000 (83 bytes)
1766951177.273359 sending message 105 to peer 0x600000d20000 (87 bytes)
1766951177.273365 sending message 105 to peer 0x600000d20000 (31 bytes)
1766951177.273372 sending message 105 to peer 0x600000d20000 (20 bytes)
1766951177.273379 sending message 105 to peer 0x600000d20000 (22 bytes)
1766951177.273385 sending message 105 to peer 0x600000d20000 (17 bytes)
1766951177.273393 sending message 105 to peer 0x600000d20000 (13 bytes)
1766951177.273401 sending message 105 to peer 0x600000d20000 (426 bytes)
1766951177.273421 sending message 105 to peer 0x600000d20000 (15 bytes)
1766951177.273428 sending message 105 to peer 0x600000d20000 (66 bytes)
1766951177.273435 sending message 105 to peer 0x600000d20000 (20 bytes)
1766951177.273441 sending message 105 to peer 0x600000d20000 (57 bytes)
1766951177.273447 sending message 105 to peer 0x600000d20000 (10 bytes)
1766951177.273454 sending message 105 to peer 0x600000d20000 (20 bytes)
1766951177.273461 sending message 105 to peer 0x600000d20000 (14 bytes)
1766951177.273468 sending message 105 to peer 0x600000d20000 (19 bytes)
1766951177.273476 sending message 105 to peer 0x600000d20000 (35 bytes)
1766951177.273485 sending message 105 to peer 0x600000d20000 (32 bytes)
1766951177.273491 sending message 105 to peer 0x600000d20000 (8 bytes)
1766951177.273498 sending message 105 to peer 0x600000d20000 (29 bytes)
1766951177.273505 sending message 105 to peer 0x600000d20000 (27 bytes)
1766951177.273512 sending message 105 to peer 0x600000d20000 (34 bytes)
1766951177.273519 sending message 105 to peer 0x600000d20000 (15 bytes)
1766951177.273526 sending message 105 to peer 0x600000d20000 (15 bytes)
1766951177.273533 sending message 105 to peer 0x600000d20000 (12 bytes)
1766951177.273540 sending message 105 to peer 0x600000d20000 (12 bytes)
1766951177.273547 sending message 105 to peer 0x600000d20000 (32 bytes)
1766951177.273556 sending message 105 to peer 0x600000d20000 (47 bytes)
1766951177.273563 sending message 105 to peer 0x600000d20000 (19 bytes)
1766951177.273572 sending message 105 to peer 0x600000d20000 (25 bytes)
1766951177.273580 sending message 106 to peer 0x600000d20000 (0 bytes)
1766951177.273665 cmd_pack_argv: argv[0]=new
1766951177.273674 sending message 200 to peer 0x600000d20000 (8 bytes)
1766951177.273680 client loop enter
1766951177.273705 client_signal: Child exited: 20
1766951177.378120 peer 0x600000d20000 message 207
1766951177.378141 sending message 208 to peer 0x600000d20000 (0 bytes)
1766951250.239939 peer 0x600000d20000 message 210
1766951250.240191 sending message 205 to peer 0x600000d20000 (0 bytes)
1766951250.240563 peer 0x600000d20000 message 204
1766951250.240625 client loop exit
