[?1049h[22;0;0t[?1h=[H[2J[?12l[?25h[?1000l[?1002l[?1003l[?1006l[?1005l[?2004h[?2031h[?996n(B[m[?12l[?25h[?1006l[?1000l[?1002l[?1003l[1;1H[1;46r[c[>c[>q]10;?\]11;?\[1;1H[?1006l[?1000l[?1002l[?1003l[?1006h[?1000h[?1002h[?25l[K
[K
[K
[K
[K
[K
[K
[K
[K
[K
[K
[K
[K
[K
[K
[K
[K
[K
[K
[K
[K
[K
[K
[K
[K
[K
[K
[K
[K
[K
[K
[K
[K
[K
[K
[K
[K
[K
[K
[K
[K
[K
[K
[K
[K[38;5;81m[1m
 0  1:zsh (B[m[38;5;238m[1m (B[m[38;5;245m                                                          (B[m[38;5;244m2025-12-28 (B[m[38;5;81m11:46 (B[m[?12l[?25h[1;1H[?1004h[?7727h(B[m[?12l[?25h[?1006l[?1000l[?1002l[?1003l[1;1H[1;46r[?1004h[?7727h(B[m[?12l[?25h[?1006l[?1000l[?1002l[?1003l[1;1H[1;46r(B[m[?12l[?25h[?1006l[?1000l[?1002l[?1003l[1;1H[1;46r[1;1H[?1006l[?1000l[?1002l[?1003l[?1006h[?1000h[?1002h[?25l[K
[K
[K
[K
[K
[K
[K
[K
[K
[K
[K
[K
[K
[K
[K
[K
[K
[K
[K
[K
[K
[K
[K
[K
[K
[K
[K
[K
[K
[K
[K
[K
[K
[K
[K
[K
[K
[K
[K
[K
[K
[K
[K
[K
[K[38;5;81m[1m
 0  1:zsh (B[m[38;5;238m[1m (B[m[38;5;245m                                                          (B[m[38;5;244m2025-12-28 (B[m[38;5;81m11:46 (B[m[?12l[?25h[1;1H                                                                                      [1;1H[1;45r[1;1H[2;45r[44S[1;1H[K[36mphil@Phils-MacBook-Air[39m [33mtmux[39m 
[32m➜[39m [K[1;46r[2;3H[7m/tmp/tmux-server-501.log(B[m[3G/tmp/tmux-server-501.log
zsh: no such file or directory: /tmp/tmux-server-501.log
                                                                                      [4;1H[1;45r[1;1H[5;45r[41S[4;1H[K[36mphil@Phils-MacBook-Air[39m [33mtmux[39m 
[32m➜[39m [K[1;46r[5;3H[7mls -lt /tmp | grep tmux | head(B[m[3Gls -lt /tmp | grep tmux | head
                                                                                      [6;1H[1;45r[1;1H[7;45r[39S[6;1H[K[36mphil@Phils-MacBook-Air[39m [33mtmux[39m 
[32m➜[39m [K[1;46r[7;3H[7mless /tmp/tmux-server-*.log(B[m[3Gless /tmp/tmux-server-*.log
zsh: no matches found: /tmp/tmux-server-*.log
                                                                                      [9;1H[1;45r[1;1H[10;45r[36S[9;1H[K[36mphil@Phils-MacBook-Air[39m [33mtmux[39m 
[32m➜[39m [K[1;46r[10;3H[?25l[38;5;81m[1m[46;1H 0  1:zsh (B[m[38;5;238m[1m (B[m[38;5;245m                                                          (B[m[38;5;244m2025-12-28 (B[m[38;5;81m11:47 (B[m[?12l[?25h[10;3H[7mtmux kill-server 2>/dev/null(B[m[3Gtmux kill-server 2>/dev/null
[?25l[38;5;81m[1m[46d 0  1:tmux (B[m[38;5;238m[1m (B[m[38;5;245m                                                         (B[m[38;5;244m2025-12-28 (B[m[38;5;81m11:47 (B[m[?12l[?25h[11;1H